mvn : WARNING: A terminally deprecated method in 
sun.misc.Unsafe has been called
At line:1 char:1
+ mvn compile -DskipTests > "build-output.txt" 2>&1; 
Get-Content "build ...
+ ~~~~~~~~~~~~~~~~~~~~~~~~~~~~~~~~~~~~~~~~~~~~~~~~~
    + CategoryInfo          : NotSpecified: (WARNING: 
    A term...has been called:String) [], RemoteExcep  
  tion
    + FullyQualifiedErrorId : NativeCommandError
 
WARNING: sun.misc.Unsafe::staticFieldBase has been 
called by 
com.google.inject.internal.aop.HiddenClassDefiner (fil
e:/C:/Users/swain/Downloads/apache-maven-3.9.11/lib/gu
ice-5.1.0-classes.jar)
WARNING: Please consider reporting this to the 
maintainers of class 
com.google.inject.internal.aop.HiddenClassDefiner
WARNING: sun.misc.Unsafe::staticFieldBase will be 
removed in a future release
[INFO] Scanning for projects...
[INFO] 
[INFO] -------------------------< com.food:delivery >--------------------------
[INFO] Building food-delivery 0.0.1-SNAPSHOT
[INFO]   from pom.xml
[INFO] --------------------------------[ jar ]---------------------------------
[INFO] 
[INFO] --- resources:3.3.1:resources (default-resources) @ delivery ---
[INFO] Copying 1 resource from src\main\resources to target\classes
[INFO] Copying 2 resources from src\main\resources to target\classes
[INFO] 
[INFO] --- compiler:3.8.1:compile (default-compile) @ delivery ---
[INFO] Changes detected - recompiling the module!
[INFO] Compiling 43 source files to C:\Users\swain\OneDrive\Desktop\Test\backend\target\classes
[WARNING] Unable to autodetect 'javac' path, using 'javac' from the environment.
[INFO] ------------------------------------------------------------------------
[INFO] BUILD FAILURE
[INFO] ------------------------------------------------------------------------
[INFO] Total time:  3.783 s
[INFO] Finished at: 2025-11-24T11:08:00+05:30
[INFO] ------------------------------------------------------------------------
[ERROR] Failed to execute goal org.apache.maven.plugins:maven-compiler-plugin:3.8.1:compile (default-compile) on project delivery: Compilation failure -> [Help 1]
[ERROR] 
[ERROR] To see the full stack trace of the errors, re-run Maven with the -e switch.
[ERROR] Re-run Maven using the -X switch to enable full debug logging.
[ERROR] 
[ERROR] For more information about the errors and possible solutions, please read the following articles:
[ERROR] [Help 1] http://cwiki.apache.org/confluence/display/MAVEN/MojoFailureException
